// Jest Snapshot v1, https://goo.gl/fbAQLP

exports[`<FizzBuzzer/> component should render correctly 1`] = `ShallowWrapper {}`;
